INFO         | Android emulator version 37.1.11.0 (build_id 15917651) (CL:N/A)
INFO         | Graphics backend: gfxstream
INFO         | Found systemPath %LOCALAPPDATA%\Android\Sdk\system-images\android-36\google_apis\x86_64\
INFO         | Guest usage of host flag 'VulkanVirtualQueue' will be ignored.
INFO         | Increasing RAM size to 2560MB
INFO         | IPv4 server found: 144.214.2.32
INFO         | Ignore IPv6 address: 28e5:ebd9:b601:0:c0c8:ebd9:b601:0
INFO         | Ignore IPv6 address: 28e5:ebd9:b601:0:c0c8:ebd9:b601:0
INFO         | Ignore IPv6 address: 28e5:ebd9:b601:0:c0c8:ebd9:b601:0
INFO         | Ignore IPv6 address: 10eb:ebd9:b601:0:c0c8:ebd9:b601:0
INFO         | Ignore IPv6 address: 10eb:ebd9:b601:0:c0c8:ebd9:b601:0
INFO         | Ignore IPv6 address: 10eb:ebd9:b601:0:c0c8:ebd9:b601:0
INFO         | Guest GLES Driver: Auto (ext controls)
INFO         | emuglConfig_get_vulkan_hardware_gpu_support_info: Found physical GPU 'NVIDIA GeForce RTX 5070 Laptop GPU', type: VK_PHYSICAL_DEVICE_TYPE_DISCRETE_GPU, apiVersion: 1.4.351, driverVersion: 616.92

INFO         | emuglConfig_get_vulkan_hardware_gpu_support_info: Found physical GPU 'AMD Radeon(TM) 860M Graphics', type: VK_PHYSICAL_DEVICE_TYPE_INTEGRATED_GPU, apiVersion: 1.3.302, driverVersion: 2.0.331

INFO         | emuglConfig_init: vulkan_mode_selected:host gles_mode_selected:host
INFO         | Checking system compatibility:
INFO         |   Checking: hasCompatibleHypervisor
INFO         |      Ok: Hypervisor compatibility to run avd: `GreaterArt_A55_API36` are met
INFO         |   Checking: hasSufficientSystem
INFO         |      Ok: System requirements to run avd: `GreaterArt_A55_API36` are met
INFO         |   Checking: hasSufficientHwGpu
INFO         |      Ok: Hardware GPU requirements to run avd: `GreaterArt_A55_API36` are passed
INFO         |   Checking: hasSufficientDiskSpace
INFO         |      Ok: Disk space requirements to run avd: `GreaterArt_A55_API36` are met
INFO         | Critical: Failed to load opengl32sw (The specified module could not be found.) (:0, )
INFO         | Warning: Software OpenGL failed. Falling back to system OpenGL. (:0, )
INFO         | Storing crashdata in: %LOCALAPPDATA%\Temp\\AndroidEmulator\emu-crash-37.1.11.db, detection is enabled for process: 34060
INFO         | Initializing gfxstream backend
INFO         | startOpenglesRendererImpl: gpu info
INFO         | GPU #1
  Make: 10de
  Model: NVIDIA GeForce RTX 5070 Laptop GPU
  Device ID: 2d18

INFO         | Disabling implicit Vulkan layers to avoid compatibility issues. Set VK_LOADER_LAYERS_DISABLE manually to disable this behavior.
INFO         | SharedLibrary::open for [%LOCALAPPDATA%\Android\Sdk\emulator\qemu\windows-x86_64\lib64\vulkan\vulkan-1.dll]
INFO         | SharedLibrary::open for [%LOCALAPPDATA%\Android\Sdk\emulator\lib64\vulkan\vulkan-1.dll]
INFO         | Added library: %LOCALAPPDATA%\Android\Sdk\emulator\lib64\vulkan\vulkan-1.dll
INFO         | Selecting Vulkan device: NVIDIA GeForce RTX 5070 Laptop GPU, Version: 1.4.351
INFO         | Using Vulkan externalMemoryMode: OpaqueWin32 for VkEmulation
INFO         | Initializing VkEmulation features:
INFO         |     glInteropSupported: true
INFO         |     useDeferredCommands: true
INFO         |     createResourceWithRequirements: true
INFO         |     useVulkanComposition: false
INFO         |     useVulkanNativeSwapchain: false
INFO         |     enable guestRenderDoc: false
INFO         |     ASTC LDR emulation mode: Gpu
INFO         |     enable ETC2 emulation: true
INFO         |     enable Ycbcr emulation: false
INFO         |     guestVulkanOnly: false
INFO         |     useDedicatedAllocations: false
INFO         |     guestVulkanMaxApiVersion: 1.3.0
INFO         |     enableProtectedMemoryEmulation: false
INFO         | Graphics Adapter Vendor Google (NVIDIA Corporation)
INFO         | Graphics Adapter Android Emulator OpenGL ES Translator (NVIDIA GeForce RTX 5070 Laptop GPU/PCIe/SSE2)
INFO         | Graphics API Version OpenGL ES 3.0 (4.5.0 NVIDIA 616.92)
INFO         | Graphics API Extensions GL_OES_EGL_sync GL_OES_EGL_image GL_OES_EGL_image_external GL_OES_depth24 GL_OES_depth32 GL_OES_element_index_uint GL_OES_texture_float GL_OES_texture_float_linear GL_OES_compressed_paletted_texture GL_OES_compressed_ETC1_RGB8_texture GL_OES_depth_texture GL_OES_texture_half_float GL_OES_texture_half_float_linear GL_OES_packed_depth_stencil GL_OES_vertex_half_float GL_OES_texture_npot GL_OES_rgb8_rgba8 GL_OVR_multiview2 GL_EXT_multiview_texture_multisample GL_EXT_color_buffer_float GL_EXT_color_buffer_half_float GL_EXT_texture_format_BGRA8888 GL_APPLE_texture_format_BGRA8888 GL_EXT_texture_buffer 
INFO         | Graphics Device Extensions N/A
INFO         | Disabling sparse binding feature support
INFO         | Sending adb public key [QAAAAEkAUJgHDmyf/G9MkAuNOiFqyl60YRKUdV1Mz4GhmQb0wDMoPbd04dlX7NJJVItCq+O6ZixpVYUIqEC3sOxJ0KrOiIMNoubXQtwOUYSGPBF5WoO29iPOJ+tr/wIv7NFpvOCuPUoy4Yli6/aGz+f287HgBYUNaJ4lM/T68EeHACkAF0g3uKJs5wZhxJGUFrdtKJ/0hv73IwpRxwpfdME01SunSeZC2ltYw02B2CBNcD3c6+8i1wivnk4pNuEXnRg/OdVV7mQTfs2u6ndTbg3BPWna2Cd7xLywwcG/nxED58I1y3vAwDSfUdKlMeoX3QDu3lZ2+5yWFQAC/kJJekqp5CKmXKum7hZamwoJUAJzYeqPo5CU+O9+NwEUbmqBuLFX+x4Cs4mVHea0MzxsHOuyCnQMFVCFQWbWrT/LOPSVe9SahxX2XWdrAXSjHqbbfE4Y1FCjDh7zwOFq0R3bCkRnvhacrLxeOqqwycKvtlqYMd5UtHr4Y3tANN59YiFLmXsuWRUv5mDTGZROSjll0Ehe5JZKq3+NzR4FH7spdNjV+gOiWqGsxrus29d0+s6DAJ+9dHbXjJHXNAh7uYWvYoFYIEjAU0lPSl3zYze/rEXDKcB77E6xYHW6YFOlJ0+ydZ1nLlmXBGrlp82/HyYpu5xUHnycHvEqUQr8udL0xZ3V3HkaiuLKGAEAAQA= @unknown]
INFO         | Userspace boot properties:
INFO         |   androidboot.boot_devices=pci0000:00/0000:00:03.0 pci0000:00/0000:00:06.0
INFO         |   androidboot.dalvik.vm.heapsize=576m
INFO         |   androidboot.debug.hwui.renderer=skiagl
INFO         |   androidboot.hardware=ranchu
INFO         |   androidboot.hardware.gltransport=pipe
INFO         |   androidboot.hardware.vulkan=ranchu
INFO         |   androidboot.logcat=*:V
INFO         |   androidboot.opengles.version=196609
INFO         |   androidboot.qemu=1
INFO         |   androidboot.qemu.adb.pubkey=QAAAAEkAUJgHDmyf/G9MkAuNOiFqyl60YRKUdV1Mz4GhmQb0wDMoPbd04dlX7NJJVItCq+O6ZixpVYUIqEC3sOxJ0KrOiIMNoubXQtwOUYSGPBF5WoO29iPOJ+tr/wIv7NFpvOCuPUoy4Yli6/aGz+f287HgBYUNaJ4lM/T68EeHACkAF0g3uKJs5wZhxJGUFrdtKJ/0hv73IwpRxwpfdME01SunSeZC2ltYw02B2CBNcD3c6+8i1wivnk4pNuEXnRg/OdVV7mQTfs2u6ndTbg3BPWna2Cd7xLywwcG/nxED58I1y3vAwDSfUdKlMeoX3QDu3lZ2+5yWFQAC/kJJekqp5CKmXKum7hZamwoJUAJzYeqPo5CU+O9+NwEUbmqBuLFX+x4Cs4mVHea0MzxsHOuyCnQMFVCFQWbWrT/LOPSVe9SahxX2XWdrAXSjHqbbfE4Y1FCjDh7zwOFq0R3bCkRnvhacrLxeOqqwycKvtlqYMd5UtHr4Y3tANN59YiFLmXsuWRUv5mDTGZROSjll0Ehe5JZKq3+NzR4FH7spdNjV+gOiWqGsxrus29d0+s6DAJ+9dHbXjJHXNAh7uYWvYoFYIEjAU0lPSl3zYze/rEXDKcB77E6xYHW6YFOlJ0+ydZ1nLlmXBGrlp82/HyYpu5xUHnycHvEqUQr8udL0xZ3V3HkaiuLKGAEAAQA= @unknown
INFO         |   androidboot.qemu.avd_name=GreaterArt_A55_API36
INFO         |   androidboot.qemu.camera_hq_edge_processing=0
INFO         |   androidboot.qemu.camera_protocol_ver=1
INFO         |   androidboot.qemu.cpuvulkan.version=4206592
INFO         |   androidboot.qemu.gltransport.drawFlushInterval=800
INFO         |   androidboot.qemu.gltransport.name=pipe
INFO         |   androidboot.qemu.hwcodec.avcdec=2
INFO         |   androidboot.qemu.hwcodec.hevcdec=2
INFO         |   androidboot.qemu.hwcodec.vpxdec=2
INFO         |   androidboot.qemu.settings.system.screen_off_timeout=2147483647
INFO         |   androidboot.qemu.skin=320x640
INFO         |   androidboot.qemu.virtiowifi=1
INFO         |   androidboot.qemu.vsync=60
INFO         |   androidboot.serialno=EMULATOR37X1X11X0
INFO         |   androidboot.vbmeta.digest=7466b5c28e6a3e1427b22ed2c317c6c7066294bde838d4d5243cce5d37992bd5
INFO         |   androidboot.vbmeta.hash_alg=sha256
INFO         |   androidboot.vbmeta.size=6848
INFO         |   androidboot.veritymode=enforcing
WHPX on Windows 10.0.26200 detected.
Windows Hypervisor Platform accelerator is operational
netsimd I 09-25 01:34:30.853 external/netsim+/rust/daemon/src\rust_main.rs:93 - netsim artifacts path: "%LOCALAPPDATA%\\Temp\\netsimd"
netsimd I 09-25 01:34:30.853 external/netsim+/rust/daemon/src\rust_main.rs:96 - NetsimdArgs {
    fd_startup_str: None,
    no_cli_ui: true,
    no_web_ui: true,
    pcap: false,
    disable_address_reuse: false,
    hci_port: None,
    connector_instance: None,
    instance: None,
    logtostderr: false,
    dev: false,
    forward_host_mdns: false,
    vsock: None,
    config: None,
    host_dns: Some(
        "144.214.2.32",
    ),
    http_proxy: None,
    wifi_tap: None,
    wifi: None,
    test_beacons: false,
    no_test_beacons: false,
    no_shutdown: false,
    verbose: false,
    version: false,
    debug: DebugArgs {
        debug_no_traffic: false,
        debug_no_network: false,
        debug_no_wmedium: false,
        debug_no_mdns_wmedium: false,
        debug_no_guest_to_host_mdns: false,
    },
    rssi: None,
}
INFO         | Monitoring duration of emulator setup.
WARNING      | The emulator now requires a signed jwt token for gRPC access! Use the -grpc flag if you really want an open unprotected grpc port
INFO         | Using security allow list from: %LOCALAPPDATA%\Android\Sdk\emulator\lib\emulator_access.json
INFO         | The active JSON Web Key Sets can be found here: %LOCALAPPDATA%\Temp\avd\running\34060\jwks\035ff4e8-136d-4e99-b8a5-397934096978\active.jwk
INFO         | Scanning %LOCALAPPDATA%\Temp\avd\running\34060\jwks\035ff4e8-136d-4e99-b8a5-397934096978 for jwk keys.
INFO         | Started GRPC server at 127.0.0.1:8554, security: Local, auth: +token
INFO         | Advertising in: %LOCALAPPDATA%\Temp\avd\running\pid_34060.ini
INFO         | Successfully initialized netsim WiFi
INFO         | Activated packet streamer for bluetooth emulation
INFO         | Activated packet streamer for uwb emulation
INFO         | Setting display: 0 configuration to: 320x640, dpi: 160x160 
INFO         | setDisplayActiveConfig: id:0, 320x640
INFO         | Checking system compatibility:
INFO         |   Checking: hasCompatibleHypervisor
INFO         |      Ok: Hypervisor compatibility to run avd: `GreaterArt_A55_API36` are met
INFO         |   Checking: hasSufficientSystem
INFO         |      Ok: System requirements to run avd: `GreaterArt_A55_API36` are met
INFO         |   Checking: hasSufficientHwGpu
INFO         |      Ok: Hardware GPU requirements to run avd: `GreaterArt_A55_API36` are passed
INFO         |   Checking: hasSufficientDiskSpace
INFO         |      Ok: Disk space requirements to run avd: `GreaterArt_A55_API36` are met
INFO         | emulatorSetupEnvironment: Environment scene is not required
INFO         | Loading snapshot 'default_boot'...
WARNING      | Error -1 from the snapshot callback

WARNING      | Failed to load snapshot 'default_boot'
INFO         | Warning: QMetaObject::connectSlotsByName: No matching signal for on_rgbcSensorValueWidget_valueChanged() (:0, )
INFO         | Warning: QMetaObject::connectSlotsByName: No matching signal for on_posture_valueChanged(int) (:0, )
INFO         | TouchpadHolder: registering via hw_xr_led agent for instance=000001B7334028E0
INFO         | Warning: QObject::connect: Cannot queue arguments of type 'std::vector<android::emulation::control::SnapshotInfo>'
(Make sure 'std::vector<android::emulation::control::SnapshotInfo>' is registered using qRegisterMetaType().) (:0, )
INFO         | AVD supportsNativeGLES=1, supportsGuestAngle=1
INFO         | Guest Angle is still unstable for API > 35.
INFO         | Created extended window in 974.074ms
INFO         | Boot completed in 78090 ms
