> Task :app:preBuild UP-TO-DATE
> Task :app:preDebugBuild UP-TO-DATE
> Task :app:mergeDebugNativeDebugMetadata NO-SOURCE
> Task :app:generateDebugBuildConfig UP-TO-DATE
> Task :app:generateDebugResources UP-TO-DATE
> Task :app:packageDebugResources UP-TO-DATE
> Task :app:processDebugNavigationResources UP-TO-DATE
> Task :app:parseDebugLocalResources UP-TO-DATE
> Task :app:generateDebugRFile UP-TO-DATE
> Task :app:javaPreCompileDebug UP-TO-DATE
> Task :app:generateDebugAssets UP-TO-DATE
> Task :app:mergeDebugAssets UP-TO-DATE
> Task :app:compressDebugAssets UP-TO-DATE
> Task :app:generateDebugGlobalSynthetics UP-TO-DATE
> Task :app:checkDebugDuplicateClasses UP-TO-DATE
> Task :app:desugarDebugFileDependencies UP-TO-DATE
> Task :app:mergeExtDexDebug UP-TO-DATE
> Task :app:mergeLibDexDebug UP-TO-DATE
> Task :app:checkDebugAarMetadata UP-TO-DATE
> Task :app:mapDebugSourceSetPaths UP-TO-DATE
> Task :app:compileDebugNavigationResources UP-TO-DATE
> Task :app:mergeDebugResources UP-TO-DATE
> Task :app:createDebugCompatibleScreenManifests UP-TO-DATE
> Task :app:extractDeepLinksDebug UP-TO-DATE
> Task :app:processDebugMainManifest UP-TO-DATE
> Task :app:processDebugManifest UP-TO-DATE
> Task :app:processDebugManifestForPackage UP-TO-DATE
> Task :app:processDebugResources UP-TO-DATE
> Task :app:mergeDebugJniLibFolders UP-TO-DATE
> Task :app:mergeDebugNativeLibs UP-TO-DATE
> Task :app:stripDebugDebugSymbols UP-TO-DATE
> Task :app:validateSigningDebug UP-TO-DATE
> Task :app:writeDebugAppMetadata UP-TO-DATE
> Task :app:writeDebugSigningConfigVersions UP-TO-DATE

> Task :app:compileDebugKotlin
w: file:///C:/Users/galah/Desktop/Knowledge-Base/Random%20Coding%20stuff/App/Greater-Art-Music-Player/greater-art/app/src/main/java/com/local/listentomusic/playback/MiniWindowOverlayService.kt:143:42 'static field ACTION_CLOSE_SYSTEM_DIALOGS: String' is deprecated. Deprecated in Java.
w: file:///C:/Users/galah/Desktop/Knowledge-Base/Random%20Coding%20stuff/App/Greater-Art-Music-Player/greater-art/app/src/main/java/com/local/listentomusic/playback/MiniWindowOverlayService.kt:385:41 'static field ACTION_CLOSE_SYSTEM_DIALOGS: String' is deprecated. Deprecated in Java.
w: file:///C:/Users/galah/Desktop/Knowledge-Base/Random%20Coding%20stuff/App/Greater-Art-Music-Player/greater-art/app/src/main/java/com/local/listentomusic/playback/MiniWindowOverlayService.kt:816:44 'static field FLAG_FULLSCREEN: Int' is deprecated. Deprecated in Java.
w: file:///C:/Users/galah/Desktop/Knowledge-Base/Random%20Coding%20stuff/App/Greater-Art-Music-Player/greater-art/app/src/main/java/com/local/listentomusic/playback/MiniWindowOverlayService.kt:818:48 'static field FLAG_FULLSCREEN: Int' is deprecated. Deprecated in Java.
w: file:///C:/Users/galah/Desktop/Knowledge-Base/Random%20Coding%20stuff/App/Greater-Art-Music-Player/greater-art/app/src/main/java/com/local/listentomusic/ui/NowPlayingScreen.kt:1586:36 'val Icons.Rounded.QueueMusic: ImageVector' is deprecated. Use the AutoMirrored version at Icons.AutoMirrored.Rounded.QueueMusic.

> Task :app:compileDebugJavaWithJavac
> Task :app:processDebugJavaRes UP-TO-DATE
> Task :app:mergeDebugJavaResource UP-TO-DATE
> Task :app:dexBuilderDebug
> Task :app:mergeProjectDexDebug
> Task :app:packageDebug
> Task :app:createDebugApkListingFileRedirect
> Task :app:assembleDebug

BUILD SUCCESSFUL in 38s
38 actionable tasks: 6 executed, 32 up-to-date
Consider enabling configuration cache to speed up this build: https://docs.gradle.org/9.7.1/userguide/configuration_cache_enabling.html
